C:/Data/Firmware/Demo_STM32/Components/CLinearAlgebra/Matrix/Matrix.c:24:6:CLinearAlgebra_Matrix_SetValue	24	static
C:/Data/Firmware/Demo_STM32/Components/CLinearAlgebra/Matrix/Matrix.c:29:7:CLinearAlgebra_Matrix_GetValue	8	static
C:/Data/Firmware/Demo_STM32/Components/CLinearAlgebra/Matrix/Matrix.c:34:6:CLinearAlgebra_Matrix_SetData	16	static
C:/Data/Firmware/Demo_STM32/Components/CLinearAlgebra/Matrix/Matrix.c:39:25:CLinearAlgebra_Matrix_Add	152	static
C:/Data/Firmware/Demo_STM32/Components/CLinearAlgebra/Matrix/Matrix.c:59:25:CLinearAlgebra_Matrix_Subtract	152	static
C:/Data/Firmware/Demo_STM32/Components/CLinearAlgebra/Matrix/Matrix.c:79:25:CLinearAlgebra_Matrix_Multiply	160	static
C:/Data/Firmware/Demo_STM32/Components/CLinearAlgebra/Matrix/Matrix.c:106:25:CLinearAlgebra_Matrix_Transpose	152	static
C:/Data/Firmware/Demo_STM32/Components/CLinearAlgebra/Matrix/Matrix.c:125:7:CLinearAlgebra_Matrix_Determinant	296	static
C:/Data/Firmware/Demo_STM32/Components/CLinearAlgebra/Matrix/Matrix.c:164:25:CLinearAlgebra_Matrix_Cofactor	168	static
C:/Data/Firmware/Demo_STM32/Components/CLinearAlgebra/Matrix/Matrix.c:193:25:CLinearAlgebra_Matrix_Adjugate	440	static
C:/Data/Firmware/Demo_STM32/Components/CLinearAlgebra/Matrix/Matrix.c:222:25:CLinearAlgebra_Matrix_Inverse	560	static
